mode: set
ThreeLayeredArchitecture/handler/task/mock_interface.go:33.67,37.2 3 1
ThreeLayeredArchitecture/handler/task/mock_interface.go:40.65,42.2 1 1
ThreeLayeredArchitecture/handler/task/mock_interface.go:45.90,51.2 5 1
ThreeLayeredArchitecture/handler/task/mock_interface.go:54.73,57.2 2 1
ThreeLayeredArchitecture/handler/task/mock_interface.go:60.77,66.2 5 1
ThreeLayeredArchitecture/handler/task/mock_interface.go:69.73,72.2 2 1
ThreeLayeredArchitecture/handler/task/mock_interface.go:75.83,81.2 5 1
ThreeLayeredArchitecture/handler/task/mock_interface.go:84.74,87.2 2 1
ThreeLayeredArchitecture/handler/task/mock_interface.go:90.80,96.2 5 1
ThreeLayeredArchitecture/handler/task/mock_interface.go:99.73,102.2 2 1
ThreeLayeredArchitecture/handler/task/mock_interface.go:105.83,111.2 5 1
ThreeLayeredArchitecture/handler/task/mock_interface.go:114.79,117.2 2 1
ThreeLayeredArchitecture/handler/task/task.go:14.55,16.2 1 1
ThreeLayeredArchitecture/handler/task/task.go:19.67,21.16 2 1
ThreeLayeredArchitecture/handler/task/task.go:21.16,23.3 1 1
ThreeLayeredArchitecture/handler/task/task.go:24.2,24.39 1 1
ThreeLayeredArchitecture/handler/task/task.go:28.66,32.16 3 1
ThreeLayeredArchitecture/handler/task/task.go:32.16,34.3 1 1
ThreeLayeredArchitecture/handler/task/task.go:36.2,37.16 2 1
ThreeLayeredArchitecture/handler/task/task.go:37.16,39.3 1 1
ThreeLayeredArchitecture/handler/task/task.go:41.2,41.38 1 1
ThreeLayeredArchitecture/handler/task/task.go:45.66,47.16 2 1
ThreeLayeredArchitecture/handler/task/task.go:47.16,49.3 1 1
ThreeLayeredArchitecture/handler/task/task.go:51.2,52.16 2 1
ThreeLayeredArchitecture/handler/task/task.go:52.16,54.3 1 1
ThreeLayeredArchitecture/handler/task/task.go:55.2,55.37 1 1
ThreeLayeredArchitecture/handler/task/task.go:59.72,61.16 2 1
ThreeLayeredArchitecture/handler/task/task.go:61.16,63.3 1 1
ThreeLayeredArchitecture/handler/task/task.go:65.2,66.16 2 1
ThreeLayeredArchitecture/handler/task/task.go:66.16,68.3 1 1
ThreeLayeredArchitecture/handler/task/task.go:69.2,69.37 1 1
ThreeLayeredArchitecture/handler/task/task.go:72.70,75.16 2 1
ThreeLayeredArchitecture/handler/task/task.go:75.16,77.3 1 1
ThreeLayeredArchitecture/handler/task/task.go:79.2,80.16 2 1
ThreeLayeredArchitecture/handler/task/task.go:80.16,82.3 1 1
ThreeLayeredArchitecture/handler/task/task.go:84.2,84.38 1 1
